  Model names : 641 entries loaded from IGIModels.json

================================================================
 IGI LEVEL VERIFICATION
================================================================
  IGI path  : D:\IGI1
  Log file  : D:\Code\project-igi-editor\parallel-verify-20260908\level3.log
  Log checks: skipped (QEDLogs(FALSE))
  Levels    : 3
  Mode      : LAUNCH editor, timeout=15s

================================================================
 Processing Level 3
================================================================
  Launching: "D:\Code\project-igi-editor\bin\Release\igi1ed.exe" -level 3
  Will kill after 15s ...
  Timeout reached (15s), killing editor ...

  Editor exited (code 0)
  Decompiling: D:\IGI1\missions\location0\level3\objects.qvm
  Decompiled OK -> D:\Code\project-igi-editor\bin\Release\objects_verify_l3.qsc
  QSC: 31 buildings, 526 objects, 57 AI
  Log: skipped because logging is disabled by configuration
================================================================
 LEVEL 3 VERIFICATION REPORT
================================================================

[LOG]  checks skipped by configuration

[BUILDINGS]  expected=31  matching=0  missing=0  pos_mismatch=0  ori_mismatch=0  tex_mismatch=0  mesh_mismatch=0

[OBJECTS]  expected=526  matching=0  missing=0  pos_mismatch=0  ori_mismatch=0  tex_mismatch=0  mesh_mismatch=0

[AI]  expected=57  matching=0  missing=0  pos_mismatch=0  ori_mismatch=0  tex_mismatch=0  mesh_mismatch=0

  Result: PASS
================================================================
