  Model names : 641 entries loaded from IGIModels.json

================================================================
 IGI LEVEL VERIFICATION
================================================================
  IGI path  : D:\IGI1
  Log file  : D:\Code\project-igi-editor\parallel-verify-20260908\level10.log
  Log checks: skipped (QEDLogs(FALSE))
  Levels    : 10
  Mode      : LAUNCH editor, timeout=15s

================================================================
 Processing Level 10
================================================================
  Launching: "D:\Code\project-igi-editor\bin\Release\igi1ed.exe" -level 10
  Will kill after 15s ...
  Timeout reached (15s), killing editor ...

  Editor exited (code 0)
  Decompiling: D:\IGI1\missions\location0\level10\objects.qvm
  Decompiled OK -> D:\Code\project-igi-editor\bin\Release\objects_verify_l10.qsc
  QSC: 31 buildings, 398 objects, 40 AI
  Log: skipped because logging is disabled by configuration
================================================================
 LEVEL 10 VERIFICATION REPORT
================================================================

[LOG]  checks skipped by configuration

[BUILDINGS]  expected=31  matching=0  missing=0  pos_mismatch=0  ori_mismatch=0  tex_mismatch=0  mesh_mismatch=0

[OBJECTS]  expected=398  matching=0  missing=0  pos_mismatch=0  ori_mismatch=0  tex_mismatch=0  mesh_mismatch=0

[AI]  expected=40  matching=0  missing=0  pos_mismatch=0  ori_mismatch=0  tex_mismatch=0  mesh_mismatch=0

  Result: PASS
================================================================
