  Model names : 641 entries loaded from IGIModels.json

================================================================
 IGI LEVEL VERIFICATION
================================================================
  IGI path  : D:\IGI1
  Log file  : D:\Code\project-igi-editor\parallel-verify-20260908\level6.log
  Log checks: skipped (QEDLogs(FALSE))
  Levels    : 6
  Mode      : LAUNCH editor, timeout=15s

================================================================
 Processing Level 6
================================================================
  Launching: "D:\Code\project-igi-editor\bin\Release\igi1ed.exe" -level 6
  Will kill after 15s ...
  Timeout reached (15s), killing editor ...

  Editor exited (code 0)
  Decompiling: D:\IGI1\missions\location0\level6\objects.qvm
  Decompiled OK -> D:\Code\project-igi-editor\bin\Release\objects_verify_l6.qsc
  QSC: 21 buildings, 590 objects, 56 AI
  Log: skipped because logging is disabled by configuration
================================================================
 LEVEL 6 VERIFICATION REPORT
================================================================

[LOG]  checks skipped by configuration

[BUILDINGS]  expected=21  matching=0  missing=0  pos_mismatch=0  ori_mismatch=0  tex_mismatch=0  mesh_mismatch=0

[OBJECTS]  expected=590  matching=0  missing=0  pos_mismatch=0  ori_mismatch=0  tex_mismatch=0  mesh_mismatch=0

[AI]  expected=56  matching=0  missing=0  pos_mismatch=0  ori_mismatch=0  tex_mismatch=0  mesh_mismatch=0

  Result: PASS
================================================================
