  Model names : 641 entries loaded from IGIModels.json

================================================================
 IGI LEVEL VERIFICATION
================================================================
  IGI path  : D:\IGI1
  Log file  : D:\Code\project-igi-editor\parallel-verify-20260908\level12.log
  Log checks: skipped (QEDLogs(FALSE))
  Levels    : 12
  Mode      : LAUNCH editor, timeout=15s

================================================================
 Processing Level 12
================================================================
  Launching: "D:\Code\project-igi-editor\bin\Release\igi1ed.exe" -level 12
  Will kill after 15s ...
  Timeout reached (15s), killing editor ...

  Editor exited (code 0)
  Decompiling: D:\IGI1\missions\location0\level12\objects.qvm
  Decompiled OK -> D:\Code\project-igi-editor\bin\Release\objects_verify_l12.qsc
  QSC: 38 buildings, 422 objects, 55 AI
  Log: skipped because logging is disabled by configuration
================================================================
 LEVEL 12 VERIFICATION REPORT
================================================================

[LOG]  checks skipped by configuration

[BUILDINGS]  expected=38  matching=0  missing=0  pos_mismatch=0  ori_mismatch=0  tex_mismatch=0  mesh_mismatch=0

[OBJECTS]  expected=422  matching=0  missing=0  pos_mismatch=0  ori_mismatch=0  tex_mismatch=0  mesh_mismatch=0

[AI]  expected=55  matching=0  missing=0  pos_mismatch=0  ori_mismatch=0  tex_mismatch=0  mesh_mismatch=0

  Result: PASS
================================================================
