  Model names : 641 entries loaded from IGIModels.json

================================================================
 IGI LEVEL VERIFICATION
================================================================
  IGI path  : D:\IGI1
  Log file  : D:\Code\project-igi-editor\parallel-verify-20260908\level13.log
  Log checks: skipped (QEDLogs(FALSE))
  Levels    : 13
  Mode      : LAUNCH editor, timeout=15s

================================================================
 Processing Level 13
================================================================
  Launching: "D:\Code\project-igi-editor\bin\Release\igi1ed.exe" -level 13
  Will kill after 15s ...

  Editor exited (code 1)
  Decompiling: D:\IGI1\missions\location0\level13\objects.qvm
  Decompiled OK -> D:\Code\project-igi-editor\bin\Release\objects_verify_l13.qsc
  QSC: 68 buildings, 833 objects, 73 AI
  Log: skipped because logging is disabled by configuration
================================================================
 LEVEL 13 VERIFICATION REPORT
================================================================

[LOG]  checks skipped by configuration

[BUILDINGS]  expected=68  matching=0  missing=0  pos_mismatch=0  ori_mismatch=0  tex_mismatch=0  mesh_mismatch=0

[OBJECTS]  expected=833  matching=0  missing=0  pos_mismatch=0  ori_mismatch=0  tex_mismatch=0  mesh_mismatch=0

[AI]  expected=73  matching=0  missing=0  pos_mismatch=0  ori_mismatch=0  tex_mismatch=0  mesh_mismatch=0

  Result: PASS
================================================================
