  Model names : 641 entries loaded from IGIModels.json

================================================================
 IGI LEVEL VERIFICATION
================================================================
  IGI path  : D:\IGI1
  Log file  : D:\Code\project-igi-editor\parallel-verify-20260908\level14.log
  Log checks: skipped (QEDLogs(FALSE))
  Levels    : 14
  Mode      : LAUNCH editor, timeout=15s

================================================================
 Processing Level 14
================================================================
  Launching: "D:\Code\project-igi-editor\bin\Release\igi1ed.exe" -level 14
  Will kill after 15s ...

  Editor exited (code 1)
  Decompiling: D:\IGI1\missions\location0\level14\objects.qvm
  [ERROR] Exception during QSC parse: bad allocation
================================================================
 LEVEL 14 VERIFICATION REPORT
================================================================

[LOG]  Exception during QSC parse: bad allocation

[BUILDINGS]  expected=0  matching=0  missing=0  pos_mismatch=0  ori_mismatch=0  tex_mismatch=0  mesh_mismatch=0

[OBJECTS]  expected=0  matching=0  missing=0  pos_mismatch=0  ori_mismatch=0  tex_mismatch=0  mesh_mismatch=0

[AI]  expected=0  matching=0  missing=0  pos_mismatch=0  ori_mismatch=0  tex_mismatch=0  mesh_mismatch=0

  Result: PASS
================================================================
