  Model names : 641 entries loaded from IGIModels.json

================================================================
 IGI LEVEL VERIFICATION
================================================================
  IGI path  : D:\IGI1
  Log file  : D:\Code\project-igi-editor\parallel-verify-20260908\level5.log
  Log checks: skipped (QEDLogs(FALSE))
  Levels    : 5
  Mode      : LAUNCH editor, timeout=15s

================================================================
 Processing Level 5
================================================================
  Launching: "D:\Code\project-igi-editor\bin\Release\igi1ed.exe" -level 5
  Will kill after 15s ...
  Timeout reached (15s), killing editor ...

  Editor exited (code 0)
  Decompiling: D:\IGI1\missions\location0\level5\objects.qvm
  Decompiled OK -> D:\Code\project-igi-editor\bin\Release\objects_verify_l5.qsc
  QSC: 15 buildings, 387 objects, 40 AI
  Log: skipped because logging is disabled by configuration
================================================================
 LEVEL 5 VERIFICATION REPORT
================================================================

[LOG]  checks skipped by configuration

[BUILDINGS]  expected=15  matching=0  missing=0  pos_mismatch=0  ori_mismatch=0  tex_mismatch=0  mesh_mismatch=0

[OBJECTS]  expected=387  matching=0  missing=0  pos_mismatch=0  ori_mismatch=0  tex_mismatch=0  mesh_mismatch=0

[AI]  expected=40  matching=0  missing=0  pos_mismatch=0  ori_mismatch=0  tex_mismatch=0  mesh_mismatch=0

  Result: PASS
================================================================
